[tuckermccumber.com/index.html]
[backblue.gif]
[fade.gif]
[index.html]
[tuckermccumber.com/wp-content/themes/chromenews/assets/bootstrap/css/bootstrap.minb34e.css]
[tuckermccumber.com/wp-content/themes/chromenews/styleb34e.css]
[tuckermccumber.com/wp-content/themes/chromeblog/style8a54.css]
[tuckermccumber.com/wp-content/themes/chromenews/assets/icons/styleb34e.css]
[tuckermccumber.com/comments/feed/index.html]
[tuckermccumber.com/feed/index.html]
[tuckermccumber.com/wp-includes/js/jquery/jquery.minf43b.js]
[tuckermccumber.com/wp-content/themes/chromenews/assets/jquery.cookieb34e.js]
[tuckermccumber.com/wp-includes/js/jquery/jquery-migrate.min5589.js]
[tuckermccumber.com/wp-json/index.html]
[tuckermccumber.com/xmlrpc0db0.php]
[tuckermccumber.com/wp-content/uploads/2023/07/cropped-PXL_20210915_033038384.PORTRAIT-scaled-1-32x32.jpg]
[tuckermccumber.com/wp-content/uploads/2023/07/cropped-PXL_20210915_033038384.PORTRAIT-scaled-1-192x192.jpg]
[tuckermccumber.com/wp-content/uploads/2023/07/cropped-PXL_20210915_033038384.PORTRAIT-scaled-1-180x180.jpg]
[tuckermccumber.com/wp-content/uploads/2023/10/PXL_20231002_190843688-771x1024.jpg]
[tuckermccumber.com/wp-content/themes/chromenews/assets/toggle-script8a54.js]
[tuckermccumber.com/donate/index.html]
[tuckermccumber.com/wp-content/themes/chromenews/js/navigation4a7d.js]
[tuckermccumber.com/category/announcements/index.html]
[tuckermccumber.com/category/cancer/index.html]
[tuckermccumber.com/category/orlando/index.html]
[tuckermccumber.com/category/projects/index.html]
[tuckermccumber.com/wp-content/themes/chromenews/js/skip-link-focus-fix8a54.js]
[tuckermccumber.com/category/photography/index.html]
[tuckermccumber.com/socials/index.html]
[tuckermccumber.com/wp-content/themes/chromenews/assets/script8a54.js]
[tuckermccumber.com/author/danimccumber/index.html]
[tuckermccumber.com/2023/11/09/tuckers-memorial-video/index.html]
[tuckermccumber.com/wp-content/themes/chromenews/assets/bootstrap/js/bootstrap.min8a54.js]
[tuckermccumber.com/2023/11/index.html]
[tuckermccumber.com/2023/11/08/tuckers-final-wishes/index.html]
[tuckermccumber.com/2023/10/20/funeral-arrangements/index.html]
[tuckermccumber.com/wp-content/themes/chromenews/assets/jquery-match-height/jquery.matchHeight.min8a54.js]
[tuckermccumber.com/index.html]
[tuckermccumber.com/2023/10/15/thank-you-all/index.html]
[tuckermccumber.com/2023/10/index.html]
[tuckermccumber.com/2023/10/03/new-scenery/index.html]
[tuckermccumber.com/author/admin/index.html]
[tuckermccumber.com/2023/10/01/no-go-today/index.html]
[tuckermccumber.com/2023/09/30/finally-some-good-news/index.html]
[tuckermccumber.com/2023/09/18/were-getting-there/index.html]
[tuckermccumber.com/2023/09/index.html]
[tuckermccumber.com/2023/09/21/this-clock-has-struck-12/index.html]
[tuckermccumber.com/page/3/index.html]
[tuckermccumber.com/2023/09/15/big-changes/index.html]
[tuckermccumber.com/page/2/index.html]
[tuckermccumber.com/page/4/index.html]
[tuckermccumber.com/wp-content/themes/chromenews/assets/bootstrap/fonts/glyphicons-halflings-regular.woff2]
[tuckermccumber.com/wp-content/themes/chromenews/assets/bootstrap/fonts/glyphicons-halflings-regular.woff]
[tuckermccumber.com/wp-content/themes/chromenews/assets/bootstrap/fonts/glyphicons-halflings-regular.eot]
[tuckermccumber.com/wp-content/themes/chromenews/assets/bootstrap/fonts/glyphicons-halflings-regular.svg]
[tuckermccumber.com/wp-content/themes/chromenews/assets/bootstrap/fonts/glyphicons-halflings-regulard41d.eot]
[tuckermccumber.com/wp-content/themes/chromenews/assets/bootstrap/css/bootstrap.minb34e.css]
[tuckermccumber.com/wp-content/themes/chromenews/styleb34e.css]
[tuckermccumber.com/wp-content/themes/chromeblog/style8a54.css]
[tuckermccumber.com/wp-content/themes/chromenews/assets/icons/fonts/chromenews-iconsc4c2.woff]
[tuckermccumber.com/wp-content/themes/chromenews/assets/icons/fonts/chromenews-iconsc4c2.eot]
[tuckermccumber.com/wp-content/themes/chromenews/assets/icons/fonts/chromenews-iconsc4c2.ttf]
[tuckermccumber.com/wp-content/themes/chromenews/assets/bootstrap/fonts/glyphicons-halflings-regular.ttf]
[tuckermccumber.com/wp-content/themes/chromenews/assets/icons/styleb34e.css]
[tuckermccumber.com/wp-content/themes/chromenews/assets/icons/fonts/chromenews-iconsc4c2.svg]
[tuckermccumber.com/category/announcements/feed/index.html]
[tuckermccumber.com/wp-json/wp/v2/categories/6.json]
[tuckermccumber.com/category/announcements/index.html]
[tuckermccumber.com/2023/07/04/blog-update/index.html]
[tuckermccumber.com/wp-json/wp/v2/categories/3.json]
[tuckermccumber.com/category/cancer/index.html]
[tuckermccumber.com/2023/07/04/welcome/index.html]
[tuckermccumber.com/2023/07/index.html]
[tuckermccumber.com/2023/08/index.html]
[tuckermccumber.com/2023/09/12/surgery-is-on/index.html]
[tuckermccumber.com/category/cancer/feed/index.html]
[tuckermccumber.com/wp-json/oembed/1.0/embedb444.json]
[tuckermccumber.com/category/cancer/page/3/index.html]
[tuckermccumber.com/category/cancer/page/2/index.html]
[tuckermccumber.com/wp-json/oembed/1.0/embedf26f]
[tuckermccumber.com/donate/index.html]
[tuckermccumber.com/wp-json/wp/v2/pages/90.json]
[tuckermccumber.com/wp-json/wp/v2/categories/2.json]
[tuckermccumber.com/wp-content/uploads/2023/07/day8a-768x1020.jpg]
[tuckermccumber.com/category/orlando/feed/index.html]
[tuckermccumber.com/wp-content/uploads/2023/07/day7a-768x1020.jpg]
[tuckermccumber.com/wp-content/uploads/2023/07/day6a-768x1020.jpg]
[tuckermccumber.com/2023/07/04/orlando-day-8/index.html]
[tuckermccumber.com/wp-content/uploads/2023/07/day5a-768x1020.jpg]
[tuckermccumber.com/wp-content/uploads/2023/07/day4a-768x1020.jpg]
[tuckermccumber.com/wp-content/uploads/2023/07/day3a-768x1020.jpg]
[tuckermccumber.com/wp-content/uploads/2023/07/day2a-768x1020.jpg]
[tuckermccumber.com/2023/07/04/orlando-day-7/index.html]
[tuckermccumber.com/wp-content/uploads/2023/07/PXL_20230626_234731339-scaled-1-768x1020.jpg]
[tuckermccumber.com/category/orlando/index.html]
[tuckermccumber.com/2023/07/04/orlando-day-6/index.html]
[tuckermccumber.com/wp-json/wp/v2/categories/9.json]
[tuckermccumber.com/category/photography/index.html]
[tuckermccumber.com/wp-content/uploads/2023/07/PXL_20230707_040632545-771x1024.jpg]
[tuckermccumber.com/2023/07/04/orlando-day-5/index.html]
[tuckermccumber.com/2023/07/04/orlando-day-4/index.html]
[tuckermccumber.com/wp-json/wp/v2/categories/10.json]
[tuckermccumber.com/category/projects/index.html]
[tuckermccumber.com/wp-json/oembed/1.0/embed8bbf.json]
[tuckermccumber.com/2023/07/04/orlando-day-2/index.html]
[tuckermccumber.com/2023/07/04/orlando-day-3/index.html]
[tuckermccumber.com/wp-json/oembed/1.0/embedf768]
[tuckermccumber.com/2023/07/04/orlando-day-1/index.html]
[tuckermccumber.com/wp-json/wp/v2/pages/76.json]
[tuckermccumber.com/wp-includes/js/comment-reply.minb34e.js]
[tuckermccumber.com/socials/index.html]
[tuckermccumber.com/category/photography/feed/index.html]
[tuckermccumber.com/2023/07/07/cabin-and-stars/index.html]
[tuckermccumber.com/wp-json/oembed/1.0/embeddb78.json]
[tuckermccumber.com/wp-json/oembed/1.0/embeda9e5]
[tuckermccumber.com/category/projects/feed/index.html]
[tuckermccumber.com/wp-json/wp/v2/posts/210.json]
[tuckermccumber.com/socials/feed/index.html]
[tuckermccumber.com/xmlrpc.php]
[tuckermccumber.com/2023/11/09/tuckers-memorial-video/index.html]
[tuckermccumber.com/2023/11/09/tuckers-memorial-video/feed/index.html]
[tuckermccumber.com/wp-json/wp/v2/users/2.json]
[tuckermccumber.com/author/danimccumber/index.html]
[tuckermccumber.com/2023/11/index.html]
[tuckermccumber.com/2023/11/09/index.html]
[tuckermccumber.com/2023/index.html]
[tuckermccumber.com/2023/11/09/tuckers-memorial-video/indexc358.html]
[tuckermccumber.com/2023/11/09/tuckers-memorial-video/indexb993.html]
[tuckermccumber.com/wp-json/oembed/1.0/embedef80.json]
[tuckermccumber.com/2023/11/09/tuckers-memorial-video/indexf8e8.html]
[tuckermccumber.com/2023/11/09/tuckers-memorial-video/index9975.html]
[tuckermccumber.com/author/danimccumber/feed/index.html]
[tuckermccumber.com/wp-json/oembed/1.0/embed6085]
[tuckermccumber.com/wp-json/wp/v2/posts/208.json]
[tuckermccumber.com/2023/11/08/tuckers-final-wishes/index.html]
[tuckermccumber.com/wp-json/oembed/1.0/embed24c4.json]
[tuckermccumber.com/2023/11/08/tuckers-final-wishes/feed/index.html]
[tuckermccumber.com/wp-json/oembed/1.0/embed7529]
[tuckermccumber.com/2023/11/08/index.html]
[tuckermccumber.com/wp-json/wp/v2/posts/205.json]
[tuckermccumber.com/2023/10/20/funeral-arrangements/index.html]
[tuckermccumber.com/2023/10/index.html]
[tuckermccumber.com/wp-json/oembed/1.0/embedcf02.json]
[tuckermccumber.com/2023/10/20/funeral-arrangements/feed/index.html]
[tuckermccumber.com/wp-json/oembed/1.0/embedf1d8]
[tuckermccumber.com/2023/10/20/index.html]
[tuckermccumber.com/wp-json/wp/v2/posts/203.json]
[tuckermccumber.com/2023/10/15/thank-you-all/index.html]
[tuckermccumber.com/2023/10/15/thank-you-all/feed/index.html]
[tuckermccumber.com/wp-json/oembed/1.0/embedbc38.json]
[tuckermccumber.com/wp-json/oembed/1.0/embed4176]
[tuckermccumber.com/wp-json/wp/v2/posts/191.json]
[tuckermccumber.com/2023/10/15/index.html]
[tuckermccumber.com/wp-content/uploads/2023/10/PXL_20231002_190843688-scaled.jpg]
[tuckermccumber.com/2023/10/03/new-scenery/index.html]
[tuckermccumber.com/wp-json/wp/v2/users/1.json]
[tuckermccumber.com/2023/10/15/thank-you-all/index129f.html]
[tuckermccumber.com/author/admin/index.html]
[tuckermccumber.com/wp-content/uploads/2023/09/PXL_20230901_205055586-771x1024.jpg]
[tuckermccumber.com/2023/10/15/thank-you-all/indexbbac.html]
[tuckermccumber.com/wp-json/oembed/1.0/embed02ab.json]
[tuckermccumber.com/2023/10/15/thank-you-all/index28b4.html]
[tuckermccumber.com/wp-json/oembed/1.0/embede960]
[tuckermccumber.com/2023/10/15/thank-you-all/index2166.html]
[tuckermccumber.com/wp-json/wp/v2/posts/153.json]
[tuckermccumber.com/2023/10/01/no-go-today/index.html]
[tuckermccumber.com/2023/10/15/thank-you-all/index7935.html]
[tuckermccumber.com/2023/10/15/thank-you-all/index7653.html]
[tuckermccumber.com/wp-json/oembed/1.0/embed336b.json]
[tuckermccumber.com/wp-json/oembed/1.0/embed5997]
[tuckermccumber.com/2023/10/15/thank-you-all/index2096.html]
[tuckermccumber.com/2023/09/30/finally-some-good-news/index.html]
[tuckermccumber.com/2023/09/index.html]
[tuckermccumber.com/wp-json/wp/v2/posts/151.json]
[tuckermccumber.com/2023/10/15/thank-you-all/index504c.html]
[tuckermccumber.com/2023/10/15/thank-you-all/indexa3c0.html]
[tuckermccumber.com/2023/10/15/thank-you-all/index172f.html]
[tuckermccumber.com/2023/10/15/thank-you-all/indexa2b6.html]
[tuckermccumber.com/wp-json/oembed/1.0/embedaaa1.json]
[tuckermccumber.com/wp-json/oembed/1.0/embede17f]
[tuckermccumber.com/2023/10/15/thank-you-all/index0c48.html]
[tuckermccumber.com/wp-json/wp/v2/posts/148.json]
[tuckermccumber.com/2023/09/21/this-clock-has-struck-12/index.html]
[tuckermccumber.com/wp-json/oembed/1.0/embed1733.json]
[tuckermccumber.com/2023/10/15/thank-you-all/index1b7b.html]
[tuckermccumber.com/wp-json/oembed/1.0/embed58b7]
[tuckermccumber.com/2023/10/15/thank-you-all/indexa129.html]
[tuckermccumber.com/wp-json/wp/v2/posts/145.json]
[tuckermccumber.com/2023/09/18/were-getting-there/index.html]
[tuckermccumber.com/2023/10/03/new-scenery/feed/index.html]
[tuckermccumber.com/wp-json/oembed/1.0/embedeb34.json]
[tuckermccumber.com/wp-json/oembed/1.0/embed9b12]
[tuckermccumber.com/wp-json/wp/v2/posts/142.json]
[tuckermccumber.com/2023/09/15/big-changes/index.html]
[tuckermccumber.com/wp-content/uploads/2023/08/IMG_20230828_141833_01-771x1024.jpg]
[tuckermccumber.com/page/2/index.html]
[tuckermccumber.com/page/3/index.html]
[tuckermccumber.com/2023/10/03/index.html]
[tuckermccumber.com/2023/10/03/new-scenery/indexcff9.html]
[tuckermccumber.com/page/4/index.html]
[tuckermccumber.com/2023/10/03/new-scenery/indexed49.html]
[tuckermccumber.com/2023/10/03/new-scenery/index740f.html]
[tuckermccumber.com/2023/09/10/minor-updates/index.html]
[tuckermccumber.com/2023/10/03/new-scenery/index5dd2.html]
[tuckermccumber.com/wp-content/themes/chromenews/assets/bootstrap/fonts/glyphicons-halflings-regular.svg]
[tuckermccumber.com/2023/09/11/xray-results/index.html]
[tuckermccumber.com/author/admin/feed/index.html]
[tuckermccumber.com/2023/09/06/one-step-forward-two-steps-back/index.html]
[tuckermccumber.com/wp-content/themes/chromenews/assets/icons/fonts/chromenews-iconsc4c2.svg]
[tuckermccumber.com/2023/09/02/duluth-update-8-the-conclusion/index.html]
[tuckermccumber.com/2023/10/01/no-go-today/feed/index.html]
[tuckermccumber.com/author/admin/page/2/index.html]
[tuckermccumber.com/author/admin/page/3/index.html]
[tuckermccumber.com/2023/10/01/index.html]
[tuckermccumber.com/wp-json/oembed/1.0/embedbc70.json]
[tuckermccumber.com/wp-json/oembed/1.0/embed2ccd]
[tuckermccumber.com/2023/10/01/no-go-today/index21e4.html]
[tuckermccumber.com/2023/09/30/finally-some-good-news/feed/index.html]
[tuckermccumber.com/wp-json/wp/v2/posts/57.json]
[tuckermccumber.com/wp-content/uploads/2023/07/day8a-150x150.jpg]
[tuckermccumber.com/2023/07/04/blog-update/index.html]
[tuckermccumber.com/2023/07/index.html]
[tuckermccumber.com/2023/09/30/index.html]
[tuckermccumber.com/wp-json/oembed/1.0/embedee49.json]
[tuckermccumber.com/wp-json/oembed/1.0/embed2db6]
[tuckermccumber.com/wp-json/wp/v2/posts/13.json]
[tuckermccumber.com/2023/09/30/finally-some-good-news/indexb621.html]
[tuckermccumber.com/wp-content/uploads/2023/07/PXL_20230626_234731339-scaled-1-150x150.jpg]
[tuckermccumber.com/2023/07/04/welcome/index.html]
[tuckermccumber.com/2023/08/index.html]
[tuckermccumber.com/2023/09/30/finally-some-good-news/indexa2f2.html]
[tuckermccumber.com/2023/09/30/finally-some-good-news/indexa3a3.html]
[tuckermccumber.com/2023/09/21/this-clock-has-struck-12/feed/index.html]
[tuckermccumber.com/wp-json/oembed/1.0/embedd10a.json]
[tuckermccumber.com/wp-json/oembed/1.0/embed959f]
[tuckermccumber.com/wp-json/wp/v2/posts/138.json]
[tuckermccumber.com/2023/09/12/surgery-is-on/index.html]
[tuckermccumber.com/category/cancer/page/2/index.html]
[tuckermccumber.com/category/cancer/page/3/index.html]
[tuckermccumber.com/2023/09/21/index.html]
[tuckermccumber.com/2023/09/21/this-clock-has-struck-12/index2636.html]
[tuckermccumber.com/indexeffd.html]
[tuckermccumber.com/2023/09/21/this-clock-has-struck-12/indexc916.html]
[tuckermccumber.com/2023/09/21/this-clock-has-struck-12/indexb901.html]
[tuckermccumber.com/2023/09/21/this-clock-has-struck-12/index5cd6.html]
[tuckermccumber.com/2023/09/21/this-clock-has-struck-12/indexbed3.html]
[tuckermccumber.com/2023/09/21/this-clock-has-struck-12/index5785.html]
[tuckermccumber.com/2023/09/21/this-clock-has-struck-12/index0a88.html]
[tuckermccumber.com/wp-json/oembed/1.0/embed275f.json]
[tuckermccumber.com/wp-json/oembed/1.0/embeddd7d]
[tuckermccumber.com/2023/09/21/this-clock-has-struck-12/indexf73b.html]
[tuckermccumber.com/2023/09/21/this-clock-has-struck-12/index39ab.html]
[tuckermccumber.com/wp-json/wp/v2/posts/51.json]
[tuckermccumber.com/wp-content/uploads/2023/07/day8a.jpg]
[tuckermccumber.com/wp-content/uploads/2023/07/day8a-226x300.jpg]
[tuckermccumber.com/wp-content/uploads/2023/07/day8b.jpg]
[tuckermccumber.com/2023/09/21/this-clock-has-struck-12/index9e16.html]
[tuckermccumber.com/wp-content/uploads/2023/07/day8b-226x300.jpg]
[tuckermccumber.com/wp-content/uploads/2023/07/day8c.jpg]
[tuckermccumber.com/wp-content/uploads/2023/07/day8c-226x300.jpg]
[tuckermccumber.com/wp-content/uploads/2023/07/day8d.jpg]
[tuckermccumber.com/2023/09/18/were-getting-there/feed/index.html]
[tuckermccumber.com/wp-content/uploads/2023/07/day8d-226x300.jpg]
[tuckermccumber.com/wp-content/uploads/2023/07/day7a-150x150.jpg]
[tuckermccumber.com/wp-content/uploads/2023/07/day7a-226x300.jpg]
[tuckermccumber.com/wp-content/uploads/2023/07/day6a-226x300.jpg]
[tuckermccumber.com/2023/07/04/orlando-day-8/index.html]
[tuckermccumber.com/wp-json/oembed/1.0/embeda654.json]
[tuckermccumber.com/2023/09/18/index.html]
[tuckermccumber.com/2023/09/15/big-changes/feed/index.html]
[tuckermccumber.com/wp-json/oembed/1.0/embedbb0b]
[tuckermccumber.com/wp-json/wp/v2/posts/46.json]
[tuckermccumber.com/wp-content/uploads/2023/07/day7a.jpg]
[tuckermccumber.com/wp-content/uploads/2023/07/day7b.jpg]
[tuckermccumber.com/wp-content/uploads/2023/07/day7b-226x300.jpg]
[tuckermccumber.com/wp-content/uploads/2023/07/day7c.jpg]
[tuckermccumber.com/wp-content/uploads/2023/07/day7c-226x300.jpg]
[tuckermccumber.com/2023/09/15/index.html]
[tuckermccumber.com/wp-content/uploads/2023/07/day6a-150x150.jpg]
[tuckermccumber.com/2023/07/04/orlando-day-7/index.html]
[tuckermccumber.com/2023/09/15/big-changes/index6d69.html]
[tuckermccumber.com/wp-json/oembed/1.0/embed12ab.json]
[tuckermccumber.com/wp-json/oembed/1.0/embed261d]
[tuckermccumber.com/2023/09/15/big-changes/index3d09.html]
[tuckermccumber.com/wp-json/wp/v2/posts/39.json]
[tuckermccumber.com/wp-content/uploads/2023/07/day6a.jpg]
[tuckermccumber.com/wp-content/uploads/2023/07/day6b.jpg]
[tuckermccumber.com/wp-content/uploads/2023/07/day6b-226x300.jpg]
[tuckermccumber.com/2023/09/15/big-changes/index61aa.html]
[tuckermccumber.com/wp-content/uploads/2023/07/day6c.jpg]
[tuckermccumber.com/wp-content/uploads/2023/07/day6c-226x300.jpg]
[tuckermccumber.com/wp-content/uploads/2023/07/day6d.jpg]
[tuckermccumber.com/wp-content/uploads/2023/07/day6d-226x300.jpg]
[tuckermccumber.com/wp-content/uploads/2023/07/day6e.jpg]
[tuckermccumber.com/2023/08/31/duluth-update-7/index.html]
[tuckermccumber.com/wp-content/uploads/2023/07/day6e-226x300.jpg]
[tuckermccumber.com/wp-content/uploads/2023/07/day5a-150x150.jpg]
[tuckermccumber.com/2023/07/04/orlando-day-6/index.html]
[tuckermccumber.com/wp-json/oembed/1.0/embed5dab.json]
[tuckermccumber.com/2023/08/29/duluth-update-6/index.html]
[tuckermccumber.com/wp-json/oembed/1.0/embed9f3d]
[tuckermccumber.com/2023/08/28/duluth-update-5-future/index.html]
[tuckermccumber.com/wp-json/wp/v2/posts/34.json]
[tuckermccumber.com/wp-content/uploads/2023/07/day5a.jpg]
[tuckermccumber.com/wp-content/uploads/2023/07/day5a-226x300.jpg]
[tuckermccumber.com/wp-content/uploads/2023/07/day5b.jpg]
[tuckermccumber.com/2023/08/26/duluth-update-4/index.html]
[tuckermccumber.com/wp-content/uploads/2023/07/day5b-225x300.jpg]
[tuckermccumber.com/wp-content/uploads/2023/07/day5c.jpg]
[tuckermccumber.com/wp-content/uploads/2023/07/day5c-225x300.jpg]
[tuckermccumber.com/wp-content/uploads/2023/07/day4a-150x150.jpg]
[tuckermccumber.com/2023/07/04/orlando-day-5/index.html]
[tuckermccumber.com/2023/08/22/duluth-update-3/index.html]
[tuckermccumber.com/2023/08/21/duluth-update-2/index.html]
[tuckermccumber.com/wp-json/oembed/1.0/embed965d.json]
[tuckermccumber.com/2023/08/21/complications/index.html]
[tuckermccumber.com/wp-json/oembed/1.0/embed3af2]
[tuckermccumber.com/2023/08/15/august-cancer-update/index.html]
[tuckermccumber.com/wp-json/wp/v2/posts/27.json]
[tuckermccumber.com/wp-content/uploads/2023/07/day4a.jpg]
[tuckermccumber.com/wp-content/uploads/2023/07/day4a-226x300.jpg]
[tuckermccumber.com/wp-content/uploads/2023/07/day4b.jpg]
[tuckermccumber.com/2023/07/09/cancer-update-7-9/index.html]
[tuckermccumber.com/wp-content/uploads/2023/07/day4b-226x300.jpg]
[tuckermccumber.com/wp-content/uploads/2023/07/day4c.jpg]
[tuckermccumber.com/wp-content/uploads/2023/07/day4c-226x300.jpg]
[tuckermccumber.com/2023/07/04/blog-update/feed/index.html]
[tuckermccumber.com/wp-content/uploads/2023/07/day4d.jpg]
[tuckermccumber.com/wp-content/uploads/2023/07/day4d-226x300.jpg]
[tuckermccumber.com/wp-content/uploads/2023/07/day4e.jpg]
[tuckermccumber.com/wp-content/uploads/2023/07/day4e-225x300.jpg]
[tuckermccumber.com/wp-content/uploads/2023/07/day3a-150x150.jpg]
[tuckermccumber.com/2023/07/04/orlando-day-4/index.html]
[tuckermccumber.com/wp-json/oembed/1.0/embed70d3.json]
[tuckermccumber.com/2023/07/04/index.html]
[tuckermccumber.com/2023/07/page/2/index.html]
[tuckermccumber.com/wp-json/oembed/1.0/embed7864]
[tuckermccumber.com/wp-json/wp/v2/posts/24.json]
[tuckermccumber.com/2023/07/04/welcome/feed/index.html]
[tuckermccumber.com/wp-content/uploads/2023/07/day3a.jpg]
[tuckermccumber.com/wp-content/uploads/2023/07/day3a-226x300.jpg]
[tuckermccumber.com/wp-content/uploads/2023/07/day2a-150x150.jpg]
[tuckermccumber.com/2023/07/04/orlando-day-3/index.html]
[tuckermccumber.com/wp-json/oembed/1.0/embed3602.json]
[tuckermccumber.com/2023/09/12/surgery-is-on/feed/index.html]
[tuckermccumber.com/wp-json/oembed/1.0/embeda4b2]
[tuckermccumber.com/wp-json/wp/v2/posts/18.json]
[tuckermccumber.com/wp-content/uploads/2023/07/day2a.jpg]
[tuckermccumber.com/wp-content/uploads/2023/07/day2a-226x300.jpg]
[tuckermccumber.com/wp-content/uploads/2023/07/day2b.jpg]
[tuckermccumber.com/wp-content/uploads/2023/07/day2b-226x300.jpg]
[tuckermccumber.com/2023/09/12/index.html]
[tuckermccumber.com/wp-content/uploads/2023/07/day2c.jpg]
[tuckermccumber.com/wp-content/uploads/2023/07/day2c-226x300.jpg]
[tuckermccumber.com/wp-content/uploads/2023/07/day2d.jpg]
[tuckermccumber.com/2023/07/04/orlando-day-2/index.html]
[tuckermccumber.com/wp-content/uploads/2023/07/day2d-300x225.jpg]
[tuckermccumber.com/2023/07/04/orlando-day-8/feed/index.html]
[tuckermccumber.com/wp-json/oembed/1.0/embedd575.json]
[tuckermccumber.com/tag/travel/index.html]
[tuckermccumber.com/wp-json/oembed/1.0/embed9f95]
[tuckermccumber.com/wp-json/wp/v2/posts/15.json]
[tuckermccumber.com/2023/07/04/orlando-day-7/feed/index.html]
[tuckermccumber.com/wp-content/uploads/2023/07/PXL_20230626_234731339-scaled-1.jpg]
[tuckermccumber.com/wp-content/uploads/2023/07/PXL_20230626_234731339-scaled-1-226x300.jpg]
[tuckermccumber.com/2023/07/04/orlando-day-1/index.html]
[tuckermccumber.com/2023/07/04/orlando-day-6/feed/index.html]
[tuckermccumber.com/wp-json/oembed/1.0/embedd996.json]
[tuckermccumber.com/2023/07/04/orlando-day-5/feed/index.html]
[tuckermccumber.com/wp-json/oembed/1.0/embed9cc2]
[tuckermccumber.com/wp-json/wp/v2/posts/84.json]
[tuckermccumber.com/wp-content/uploads/2023/07/PXL_20230707_040632545-scaled.jpg]
[tuckermccumber.com/2023/07/07/cabin-and-stars/index.html]
[tuckermccumber.com/index04cd.html]
[tuckermccumber.com/indexe4c6.html]
[tuckermccumber.com/xmlrpc.php]
[tuckermccumber.com/tag/cancer/index.html]
[tuckermccumber.com/2023/index.html]
[tuckermccumber.com/2023/07/04/orlando-day-4/feed/index.html]
[tuckermccumber.com/2023/11/09/index.html]
[tuckermccumber.com/2023/07/04/orlando-day-3/feed/index.html]
[tuckermccumber.com/2023/07/04/orlando-day-2/feed/index.html]
[tuckermccumber.com/2023/11/09/tuckers-memorial-video/indexc358.html]
[tuckermccumber.com/2023/07/07/cabin-and-stars/feed/index.html]
[tuckermccumber.com/2023/11/09/tuckers-memorial-video/indexb993.html]
[tuckermccumber.com/2023/07/04/orlando-day-1/feed/index.html]
[tuckermccumber.com/2023/11/09/tuckers-memorial-video/index9975.html]
[tuckermccumber.com/2023/07/07/index.html]
[tuckermccumber.com/2023/07/07/cabin-and-stars/index0e22.html]
[tuckermccumber.com/2023/page/2/index.html]
[tuckermccumber.com/2023/11/09/tuckers-memorial-video/indexf8e8.html]
[tuckermccumber.com/index0eba.html]
[tuckermccumber.com/2023/11/08/index.html]
[tuckermccumber.com/indexc140.html]
[tuckermccumber.com/2023/10/20/index.html]
[tuckermccumber.com/indexc39e.html]
[tuckermccumber.com/2023/10/15/index.html]
[tuckermccumber.com/2023/10/15/thank-you-all/index129f.html]
[tuckermccumber.com/2023/10/15/thank-you-all/indexbbac.html]
[tuckermccumber.com/2023/10/15/thank-you-all/index28b4.html]
[tuckermccumber.com/2023/10/15/thank-you-all/index2166.html]
[tuckermccumber.com/2023/10/15/thank-you-all/index7935.html]
[tuckermccumber.com/2023/10/15/thank-you-all/index7653.html]
[tuckermccumber.com/2023/10/15/thank-you-all/index2096.html]
[tuckermccumber.com/2023/10/15/thank-you-all/index504c.html]
[tuckermccumber.com/2023/10/15/thank-you-all/indexa3c0.html]
[tuckermccumber.com/2023/10/15/thank-you-all/index172f.html]
[tuckermccumber.com/2023/10/15/thank-you-all/indexa2b6.html]
[tuckermccumber.com/2023/10/15/thank-you-all/index0c48.html]
[tuckermccumber.com/2023/10/15/thank-you-all/index1b7b.html]
[tuckermccumber.com/2023/10/15/thank-you-all/indexa129.html]
[tuckermccumber.com/indexbbbf.html]
[tuckermccumber.com/2023/10/03/index.html]
[tuckermccumber.com/2023/10/03/new-scenery/indexed49.html]
[tuckermccumber.com/2023/10/03/new-scenery/index740f.html]
[tuckermccumber.com/2023/10/03/new-scenery/indexcff9.html]
[tuckermccumber.com/2023/10/03/new-scenery/index5dd2.html]
[tuckermccumber.com/2023/page/3/index.html]
[tuckermccumber.com/2023/page/4/index.html]
[tuckermccumber.com/wp-json/oembed/1.0/embed16c5.json]
[tuckermccumber.com/2023/09/11/xray-results/feed/index.html]
[tuckermccumber.com/wp-json/oembed/1.0/embedcd76]
[tuckermccumber.com/wp-json/wp/v2/posts/136.json]
[tuckermccumber.com/2023/09/11/xray-results/index.html]
[tuckermccumber.com/wp-json/oembed/1.0/embedc013.json]
[tuckermccumber.com/wp-json/oembed/1.0/embed0b94]
[tuckermccumber.com/2023/09/11/index.html]
[tuckermccumber.com/2023/09/10/minor-updates/index.html]
[tuckermccumber.com/wp-json/wp/v2/posts/134.json]
[tuckermccumber.com/2023/09/11/xray-results/index7c98.html]
[tuckermccumber.com/2023/09/11/xray-results/indexec27.html]
[tuckermccumber.com/wp-json/oembed/1.0/embedb759.json]
[tuckermccumber.com/wp-json/oembed/1.0/embedf547]
[tuckermccumber.com/2023/09/11/xray-results/indexdefb.html]
[tuckermccumber.com/2023/09/10/minor-updates/feed/index.html]
[tuckermccumber.com/2023/09/06/one-step-forward-two-steps-back/index.html]
[tuckermccumber.com/wp-json/wp/v2/posts/132.json]
[tuckermccumber.com/wp-json/oembed/1.0/embed97a1.json]
[tuckermccumber.com/2023/09/10/index.html]
[tuckermccumber.com/wp-json/oembed/1.0/embed416b]
[tuckermccumber.com/2023/09/10/minor-updates/index06b6.html]
[tuckermccumber.com/wp-json/wp/v2/posts/124.json]
[tuckermccumber.com/wp-content/uploads/2023/09/PXL_20230901_205055586-scaled.jpg]
[tuckermccumber.com/wp-content/uploads/2023/09/PXL_20230901_204738928-scaled.jpg]
[tuckermccumber.com/wp-content/uploads/2023/09/PXL_20230901_204738928-768x1024.jpg]
[tuckermccumber.com/2023/09/02/duluth-update-8-the-conclusion/index.html]
[tuckermccumber.com/author/admin/page/2/index.html]
[tuckermccumber.com/author/admin/page/3/index.html]
[tuckermccumber.com/2023/09/06/index.html]
[tuckermccumber.com/indexd7d8.html]
[tuckermccumber.com/2023/09/02/duluth-update-8-the-conclusion/feed/index.html]
[tuckermccumber.com/2023/09/06/one-step-forward-two-steps-back/index2320.html]
[tuckermccumber.com/2023/10/01/index.html]
[tuckermccumber.com/2023/09/02/index.html]
[tuckermccumber.com/2023/09/02/duluth-update-8-the-conclusion/index06ab.html]
[tuckermccumber.com/2023/10/01/no-go-today/index21e4.html]
[tuckermccumber.com/2023/09/02/duluth-update-8-the-conclusion/indexf970.html]
[tuckermccumber.com/indexe539.html]
[tuckermccumber.com/2023/09/06/one-step-forward-two-steps-back/feed/index.html]
[tuckermccumber.com/2023/09/02/duluth-update-8-the-conclusion/index954a.html]
[tuckermccumber.com/2023/09/30/index.html]
[tuckermccumber.com/2023/09/02/duluth-update-8-the-conclusion/index745d.html]
[tuckermccumber.com/2023/09/02/duluth-update-8-the-conclusion/indexfaf1.html]
[tuckermccumber.com/2023/09/30/finally-some-good-news/indexb621.html]
[tuckermccumber.com/2023/09/30/finally-some-good-news/indexa2f2.html]
[tuckermccumber.com/2023/09/30/finally-some-good-news/indexa3a3.html]
[tuckermccumber.com/indexa36b.html]
[tuckermccumber.com/2023/09/21/index.html]
[tuckermccumber.com/2023/09/21/this-clock-has-struck-12/index2636.html]
[tuckermccumber.com/2023/09/21/this-clock-has-struck-12/indexc916.html]
[tuckermccumber.com/2023/09/21/this-clock-has-struck-12/indexb901.html]
[tuckermccumber.com/2023/09/21/this-clock-has-struck-12/indexbed3.html]
[tuckermccumber.com/2023/09/21/this-clock-has-struck-12/index5cd6.html]
[tuckermccumber.com/2023/09/21/this-clock-has-struck-12/index5785.html]
[tuckermccumber.com/2023/09/21/this-clock-has-struck-12/index0a88.html]
[tuckermccumber.com/2023/09/21/this-clock-has-struck-12/indexf73b.html]
[tuckermccumber.com/2023/09/21/this-clock-has-struck-12/index39ab.html]
[tuckermccumber.com/2023/09/21/this-clock-has-struck-12/index9e16.html]
[tuckermccumber.com/indexbe3b.html]
[tuckermccumber.com/2023/09/18/index.html]
[tuckermccumber.com/indexee5b.html]
[tuckermccumber.com/2023/09/15/index.html]
[tuckermccumber.com/2023/09/15/big-changes/index6d69.html]
[tuckermccumber.com/2023/09/15/big-changes/index3d09.html]
[tuckermccumber.com/2023/09/15/big-changes/index61aa.html]
[tuckermccumber.com/2023/09/02/duluth-update-8-the-conclusion/index1dff.html]
[tuckermccumber.com/2023/09/02/duluth-update-8-the-conclusion/index094c.html]
[tuckermccumber.com/wp-json/oembed/1.0/embed1418.json]
[tuckermccumber.com/2023/08/31/duluth-update-7/feed/index.html]
[tuckermccumber.com/wp-json/oembed/1.0/embed5649]
[tuckermccumber.com/wp-json/wp/v2/posts/122.json]
[tuckermccumber.com/2023/08/31/duluth-update-7/index.html]
[tuckermccumber.com/wp-json/oembed/1.0/embedc9af.json]
[tuckermccumber.com/wp-json/oembed/1.0/embed616d]
[tuckermccumber.com/2023/08/31/index.html]
[tuckermccumber.com/2023/08/29/duluth-update-6/index.html]
[tuckermccumber.com/wp-json/wp/v2/posts/120.json]
[tuckermccumber.com/2023/08/31/duluth-update-7/index5a86.html]
[tuckermccumber.com/2023/08/31/duluth-update-7/indexa82a.html]
[tuckermccumber.com/wp-json/oembed/1.0/embed6133.json]
[tuckermccumber.com/2023/08/29/duluth-update-6/feed/index.html]
[tuckermccumber.com/wp-json/oembed/1.0/embed7968]
[tuckermccumber.com/wp-json/wp/v2/posts/114.json]
[tuckermccumber.com/wp-content/uploads/2023/08/IMG_20230828_141833_01-scaled.jpg]
[tuckermccumber.com/2023/08/28/duluth-update-5-future/index.html]
[tuckermccumber.com/2023/08/29/index.html]
[tuckermccumber.com/wp-json/oembed/1.0/embed2d9a.json]
[tuckermccumber.com/wp-json/oembed/1.0/embedad98]
[tuckermccumber.com/2023/08/29/duluth-update-6/indexa79a.html]
[tuckermccumber.com/2023/08/26/duluth-update-4/index.html]
[tuckermccumber.com/wp-json/wp/v2/posts/112.json]
[tuckermccumber.com/2023/08/29/duluth-update-6/indexb951.html]
[tuckermccumber.com/wp-json/oembed/1.0/embed0250.json]
[tuckermccumber.com/2023/08/28/duluth-update-5-future/feed/index.html]
[tuckermccumber.com/wp-json/oembed/1.0/embedf38f]
[tuckermccumber.com/wp-json/wp/v2/posts/109.json]
[tuckermccumber.com/2023/08/22/duluth-update-3/index.html]
[tuckermccumber.com/wp-json/oembed/1.0/embed790c.json]
[tuckermccumber.com/2023/08/28/index.html]
[tuckermccumber.com/2023/08/28/duluth-update-5-future/index8528.html]
[tuckermccumber.com/wp-json/oembed/1.0/embed1515]
[tuckermccumber.com/wp-json/wp/v2/posts/107.json]
[tuckermccumber.com/2023/08/21/duluth-update-2/index.html]
[tuckermccumber.com/2023/08/26/duluth-update-4/feed/index.html]
[tuckermccumber.com/wp-json/oembed/1.0/embed7267.json]
[tuckermccumber.com/wp-json/oembed/1.0/embed31b9]
[tuckermccumber.com/2023/08/26/index.html]
[tuckermccumber.com/2023/08/21/complications/index.html]
[tuckermccumber.com/wp-json/wp/v2/posts/105.json]
[tuckermccumber.com/2023/08/26/duluth-update-4/indexfa40.html]
[tuckermccumber.com/2023/08/26/duluth-update-4/index360b.html]
[tuckermccumber.com/wp-json/oembed/1.0/embed2990.json]
[tuckermccumber.com/wp-json/oembed/1.0/embedc1da]
[tuckermccumber.com/2023/08/22/duluth-update-3/feed/index.html]
[tuckermccumber.com/wp-json/wp/v2/posts/101.json]
[tuckermccumber.com/2023/08/15/august-cancer-update/index.html]
[tuckermccumber.com/wp-json/oembed/1.0/embedea0e.json]
[tuckermccumber.com/2023/08/22/index.html]
[tuckermccumber.com/wp-json/oembed/1.0/embed33d5]
[tuckermccumber.com/2023/08/22/duluth-update-3/indexa858.html]
[tuckermccumber.com/2023/07/09/cancer-update-7-9/index.html]
[tuckermccumber.com/index9787.html]
[tuckermccumber.com/2023/07/04/index.html]
[tuckermccumber.com/wp-json/wp/v2/posts/88.json]
[tuckermccumber.com/2023/07/page/2/index.html]
[tuckermccumber.com/2023/08/22/duluth-update-3/index04d3.html]
[tuckermccumber.com/2023/08/21/index.html]
[tuckermccumber.com/index2dc4.html]
[tuckermccumber.com/2023/08/21/duluth-update-2/feed/index.html]
[tuckermccumber.com/2023/08/21/complications/feed/index.html]
[tuckermccumber.com/index1a26.html]
[tuckermccumber.com/2023/08/21/complications/index6f0d.html]
[tuckermccumber.com/2023/09/12/index.html]
[tuckermccumber.com/2023/08/15/index.html]
[tuckermccumber.com/2023/08/15/august-cancer-update/feed/index.html]
[tuckermccumber.com/index8cf7.html]
[tuckermccumber.com/2023/07/09/cancer-update-7-9/feed/index.html]
[tuckermccumber.com/wp-json/wp/v2/tags/4.json]
[tuckermccumber.com/tag/travel/index.html]
[tuckermccumber.com/index7ea6.html]
[tuckermccumber.com/indexba52.html]
[tuckermccumber.com/index1e7e.html]
[tuckermccumber.com/index1c4a.html]
[tuckermccumber.com/2023/07/09/index.html]
[tuckermccumber.com/tag/travel/feed/index.html]
[tuckermccumber.com/wp-json/wp/v2/tags/5.json]
[tuckermccumber.com/tag/cancer/index.html]
[tuckermccumber.com/index2cf9.html]
[tuckermccumber.com/index0735.html]
[tuckermccumber.com/indexa1ca.html]
[tuckermccumber.com/index735a.html]
[tuckermccumber.com/2023/07/07/index.html]
[tuckermccumber.com/2023/07/07/cabin-and-stars/index0e22.html]
[tuckermccumber.com/2023/page/2/index.html]
[tuckermccumber.com/2023/page/3/index.html]
[tuckermccumber.com/2023/page/4/index.html]
[tuckermccumber.com/index9469.html]
[tuckermccumber.com/2023/09/11/index.html]
[tuckermccumber.com/2023/09/11/xray-results/index7c98.html]
[tuckermccumber.com/2023/09/11/xray-results/indexec27.html]
[tuckermccumber.com/2023/09/11/xray-results/indexdefb.html]
[tuckermccumber.com/index47f2.html]
[tuckermccumber.com/2023/09/10/index.html]
[tuckermccumber.com/2023/09/10/minor-updates/index06b6.html]
[tuckermccumber.com/index31a3.html]
[tuckermccumber.com/2023/09/06/index.html]
[tuckermccumber.com/2023/09/06/one-step-forward-two-steps-back/index2320.html]
[tuckermccumber.com/indexd4a6.html]
[tuckermccumber.com/2023/09/02/index.html]
[tuckermccumber.com/2023/09/02/duluth-update-8-the-conclusion/index06ab.html]
[tuckermccumber.com/2023/09/02/duluth-update-8-the-conclusion/indexf970.html]
[tuckermccumber.com/2023/09/02/duluth-update-8-the-conclusion/index954a.html]
[tuckermccumber.com/2023/09/02/duluth-update-8-the-conclusion/index745d.html]
[tuckermccumber.com/2023/09/02/duluth-update-8-the-conclusion/indexfaf1.html]
[tuckermccumber.com/2023/09/02/duluth-update-8-the-conclusion/index1dff.html]
[tuckermccumber.com/2023/09/02/duluth-update-8-the-conclusion/index094c.html]
[tuckermccumber.com/indexdb84.html]
[tuckermccumber.com/2023/08/31/index.html]
[tuckermccumber.com/2023/08/31/duluth-update-7/index5a86.html]
[tuckermccumber.com/2023/08/31/duluth-update-7/indexa82a.html]
[tuckermccumber.com/index2c90.html]
[tuckermccumber.com/2023/08/29/index.html]
[tuckermccumber.com/2023/08/29/duluth-update-6/indexa79a.html]
[tuckermccumber.com/2023/08/29/duluth-update-6/indexb951.html]
[tuckermccumber.com/index30a5.html]
[tuckermccumber.com/2023/08/28/index.html]
[tuckermccumber.com/2023/08/28/duluth-update-5-future/index8528.html]
[tuckermccumber.com/index8820.html]
[tuckermccumber.com/2023/08/26/index.html]
[tuckermccumber.com/2023/08/26/duluth-update-4/indexfa40.html]
[tuckermccumber.com/2023/08/26/duluth-update-4/index360b.html]
[tuckermccumber.com/indexe887.html]
[tuckermccumber.com/2023/08/22/index.html]
[tuckermccumber.com/2023/08/22/duluth-update-3/indexa858.html]
[tuckermccumber.com/2023/08/22/duluth-update-3/index04d3.html]
[tuckermccumber.com/index5a24.html]
[tuckermccumber.com/2023/08/21/index.html]
[tuckermccumber.com/indexea0f.html]
[tuckermccumber.com/2023/08/21/complications/index6f0d.html]
[tuckermccumber.com/index198a.html]
[tuckermccumber.com/2023/08/15/index.html]
[tuckermccumber.com/index8ed7.html]
[tuckermccumber.com/2023/07/09/index.html]
[tuckermccumber.com/tag/cancer/feed/index.html]
